
> smashgo@0.1.0 build
> next build

node.exe : ΓÜá `eslint` 
configuration in 
next.config.ts is no longer 
supported. See more info 
here: https://nextjs.org/docs/
app/api-reference/cli/next#nex
t-lint-options
At line:1 char:1
+ & 
"C:\nvm4w\nodejs/node.exe" "C:
\nvm4w\nodejs/node_modules/npm
/bin/np ...
+ ~~~~~~~~~~~~~~~~~~~~~~~~~~~~
~~~~~~~~~~~~~~~~~~~~~~~~~~~~~~
~~~~~~~~~~~
    + CategoryInfo          : 
    NotSpecified: (ΓÜá `esli  
  nt` co...xt-lint-options:   
 String) [], RemoteExcepti    
on
    + FullyQualifiedErrorId : 
    NativeCommandError
 
ΓÜá Invalid next.config.ts 
options detected: 
ΓÜá     Unrecognized key(s) 
in object: 'eslint'
ΓÜá See more info here: https:
//nextjs.org/docs/messages/inv
alid-next-config
Γû▓ Next.js 16.2.2 (Turbopack)

ΓÜá The "middleware" file 
convention is deprecated. 
Please use "proxy" instead. 
Learn more: https://nextjs.org
/docs/messages/middleware-to-p
roxy
  Creating an optimized production build ...

> Build error occurred
Error: Turbopack build failed 
with 26 errors:
./src/app/(admin)/admin/report
s/page.tsx:7:1
Module not found: Can't 
resolve '@/components/admin/Bo
okingTable'
  [90m 5 |[0m 
[36mimport[0m { 
[33mTabs[0m, 
[33mTabsContent[0m, 
[33mTabsList[0m, 
[33mTabsTrigger[0m } 
[36mfrom[0m [32m'@/componen
ts/ui/tabs'[0m
  [90m 6 |[0m 
[36mimport[0m { 
[33mRevenueChart[0m } 
[36mfrom[0m [32m'@/componen
ts/admin/RevenueChart'[0m
[31m[1m>[0m [90m 7 |[0m 
[36mimport[0m { 
[33mBookingTable[0m } 
[36mfrom[0m [32m'@/componen
ts/admin/BookingTable'[0m
  [90m   |[0m [31m[1m^^^^^
^^^^^^^^^^^^^^^^^^^^^^^^^^^^^^
^^^^^^^^^^^^^^^^^^^^^^^^^^^[0
m
  [90m 8 |[0m 
[36mimport[0m { 
[33mDollarSign[0m, 
[33mCalendar[0m, 
[33mTrendingUp[0m, 
[33mUsers[0m, 
[33mDownload[0m } 
[36mfrom[0m 
[32m'lucide-react'[0m
  [90m 9 |[0m 
[36mimport[0m { 
[33mButton[0m } 
[36mfrom[0m [32m'@/componen
ts/ui/button'[0m
  [90m10 |[0m 
[36mimport[0m { format, 
startOfMonth, endOfMonth, 
subMonths } [36mfrom[0m 
[32m'date-fns'[0m

Import map: aliased to 
relative './src/components/adm
in/BookingTable' inside of 
[project]/


Import traces:
  Client Component Browser:
    ./src/app/(admin)/admin/re
ports/page.tsx [Client 
Component Browser]
    ./src/app/(admin)/admin/re
ports/page.tsx [Server 
Component]

  Client Component SSR:
    ./src/app/(admin)/admin/re
ports/page.tsx [Client 
Component SSR]
    ./src/app/(admin)/admin/re
ports/page.tsx [Server 
Component]

https://nextjs.org/docs/messag
es/module-not-found


./src/app/(admin)/admin/layout
.tsx:3:1
Module not found: Can't 
resolve '@/components/layout/N
otificationBell'
  [90m1 |[0m [90m// src/app
/(admin)/admin/layout.tsx[0m
  [90m2 |[0m 
[36mimport[0m { 
[33mAdminSidebar[0m } 
[36mfrom[0m [32m'@/componen
ts/layout/AdminSidebar'[0m
[31m[1m>[0m [90m3 |[0m 
[36mimport[0m { 
[33mNotificationBell[0m } 
[36mfrom[0m [32m'@/componen
ts/layout/NotificationBell'[0
m
  [90m  |[0m [31m[1m^^^^^^
^^^^^^^^^^^^^^^^^^^^^^^^^^^^^^
^^^^^^^^^^^^^^^^^^^^^^^^^^^^^^
^^^^^[0m
  [90m4 |[0m 
[36mimport[0m { 
[33mUserNav[0m } 
[36mfrom[0m [32m'@/componen
ts/layout/UserNav'[0m
  [90m5 |[0m
  [90m6 |[0m 
[36mexport[0m 
[36mdefault[0m 
[36mfunction[0m 
[33mAdminLayout[0m({

Import map: aliased to 
relative './src/components/lay
out/NotificationBell' inside 
of [project]/


https://nextjs.org/docs/messag
es/module-not-found


./src/app/(admin)/admin/layout
.tsx:4:1
Module not found: Can't 
resolve 
'@/components/layout/UserNav'
  [90m2 |[0m 
[36mimport[0m { 
[33mAdminSidebar[0m } 
[36mfrom[0m [32m'@/componen
ts/layout/AdminSidebar'[0m
  [90m3 |[0m 
[36mimport[0m { 
[33mNotificationBell[0m } 
[36mfrom[0m [32m'@/componen
ts/layout/NotificationBell'[0
m
[31m[1m>[0m [90m4 |[0m 
[36mimport[0m { 
[33mUserNav[0m } 
[36mfrom[0m [32m'@/componen
ts/layout/UserNav'[0m
  [90m  |[0m [31m[1m^^^^^^
^^^^^^^^^^^^^^^^^^^^^^^^^^^^^^
^^^^^^^^^^^^^^^^^[0m
  [90m5 |[0m
  [90m6 |[0m 
[36mexport[0m 
[36mdefault[0m 
[36mfunction[0m 
[33mAdminLayout[0m({
  [90m7 |[0m   children,

Import map: aliased to 
relative './src/components/lay
out/UserNav' inside of 
[project]/


https://nextjs.org/docs/messag
es/module-not-found


./src/app/(user)/profile/edit/
page.tsx:11:1
Module not found: Can't 
resolve '@/components/ui/form'
  [90m 9 |[0m ...
  [90m10 |[0m ...} 
[36mfrom[0m [32m'@/componen
ts/ui/button'[0m
[31m[1m>[0m [90m11 |[0m 
...[33mormControl[0m, 
[33mFormDescription[0m, 
[33mFormField[0m, 
[33mFormItem[0m, 
[33mFormLabel[0m, 
[33mFormMessage[0m } 
[36mfrom[0m 
[32m'@/comp...[0m
  [90m   |[0m    [31m[1m^^
^^^^^^^^^^^^^^^^^^^^^^^^^^^^^^
^^^^^^^^^^^^^^^^^^^^^^^^^^^^^^
^^^^^^^^^^^^^^^^^^^^^^^^^^^^[
0m
  [90m12 |[0m ... 
[36mfrom[0m [32m'@/componen
ts/ui/input'[0m
  [90m13 |[0m ... 
[33mSelectContent[0m, 
[33mSelectItem[0m, 
[33mSelectTrigger[0m, 
[33mSelectValue[0m } 
[36mfrom[0m [32m'@/componen
ts/ui/select'[0m
  [90m14 |[0m 
...[33mpload[0m } 
[36mfrom[0m [32m'@/componen
ts/profile/AvatarUpload'[0m

Import map: aliased to 
relative 
'./src/components/ui/form' 
inside of [project]/


Import traces:
  Client Component Browser:
    ./src/app/(user)/profile/e
dit/page.tsx [Client 
Component Browser]
    ./src/app/(user)/profile/e
dit/page.tsx [Server 
Component]

  Client Component SSR:
    ./src/app/(user)/profile/e
dit/page.tsx [Client 
Component SSR]
    ./src/app/(user)/profile/e
dit/page.tsx [Server 
Component]

https://nextjs.org/docs/messag
es/module-not-found


./src/app/(auth)/login/page.ts
x:9:1
Module not found: Can't 
resolve 
'@/components/ui/label'
  [90m 7 |[0m 
[36mimport[0m { 
[33mInput[0m } 
[36mfrom[0m [32m'@/componen
ts/ui/input'[0m
  [90m 8 |[0m 
[36mimport[0m { 
[33mCard[0m, 
[33mCardContent[0m, 
[33mCardHeader[0m, 
[33mCardTitle[0m, 
[33mCardDescription[0m, 
[33mCardFooter[0m } 
[36mfrom[0m [32m'@/c...[0m
[31m[1m>[0m [90m 9 |[0m 
[36mimport[0m { 
[33mLabel[0m } 
[36mfrom[0m [32m'@/componen
ts/ui/label'[0m
  [90m   |[0m [31m[1m^^^^^
^^^^^^^^^^^^^^^^^^^^^^^^^^^^^^
^^^^^^^^^^[0m
  [90m10 |[0m 
[36mimport[0m { 
[33mLogIn[0m, 
[33mGithub[0m, 
[33mMail[0m, [33mLock[0m, 
[33mLoader2[0m, 
[33mArrowRight[0m } 
[36mfrom[0m 
[32m'lucide-react'[0m
  [90m11 |[0m 
[36mimport[0m { useToast } 
[36mfrom[0m 
[32m'@/hooks/use-toast'[0m
  [90m12 |[0m 
[36mimport[0m [33mLink[0m 
[36mfrom[0m 
[32m'next/link'[0m

Import map: aliased to 
relative 
'./src/components/ui/label' 
inside of [project]/


Import traces:
  Client Component Browser:
    ./src/app/(auth)/login/pag
e.tsx [Client Component 
Browser]
    ./src/app/(auth)/login/pag
e.tsx [Server Component]

  Client Component SSR:
    ./src/app/(auth)/login/pag
e.tsx [Client Component SSR]
    ./src/app/(auth)/login/pag
e.tsx [Server Component]

https://nextjs.org/docs/messag
es/module-not-found


./src/app/(auth)/register/page
.tsx:9:1
Module not found: Can't 
resolve 
'@/components/ui/label'
  [90m 7 |[0m 
[36mimport[0m { 
[33mInput[0m } 
[36mfrom[0m [32m'@/componen
ts/ui/input'[0m
  [90m 8 |[0m 
[36mimport[0m { 
[33mCard[0m, 
[33mCardContent[0m, 
[33mCardHeader[0m, 
[33mCardTitle[0m, 
[33mCardDescription[0m, 
[33mCardFooter[0m } 
[36mfrom[0m [32m'@/c...[0m
[31m[1m>[0m [90m 9 |[0m 
[36mimport[0m { 
[33mLabel[0m } 
[36mfrom[0m [32m'@/componen
ts/ui/label'[0m
  [90m   |[0m [31m[1m^^^^^
^^^^^^^^^^^^^^^^^^^^^^^^^^^^^^
^^^^^^^^^^[0m
  [90m10 |[0m 
[36mimport[0m { 
[33mUserPlus[0m, 
[33mUser[0m, [33mMail[0m, 
[33mLock[0m, 
[33mBuilding[0m, 
[33mCreditCard[0m, 
[33mArrowRight[0m, 
[33mLoader2[0m } 
[36mfrom[0m [32m'luc...[0m
  [90m11 |[0m 
[36mimport[0m { useToast } 
[36mfrom[0m 
[32m'@/hooks/use-toast'[0m
  [90m12 |[0m 
[36mimport[0m [33mLink[0m 
[36mfrom[0m 
[32m'next/link'[0m

Import map: aliased to 
relative 
'./src/components/ui/label' 
inside of [project]/


Import traces:
  Client Component Browser:
    ./src/app/(auth)/register/
page.tsx [Client Component 
Browser]
    ./src/app/(auth)/register/
page.tsx [Server Component]

  Client Component SSR:
    ./src/app/(auth)/register/
page.tsx [Client Component 
SSR]
    ./src/app/(auth)/register/
page.tsx [Server Component]

https://nextjs.org/docs/messag
es/module-not-found


./src/app/(auth)/verify/page.t
sx:8:1
Module not found: Can't 
resolve 
'@/components/ui/label'
  [90m 6 |[0m 
[36mimport[0m { 
[33mButton[0m } 
[36mfrom[0m [32m'@/componen
ts/ui/button'[0m
  [90m 7 |[0m 
[36mimport[0m { 
[33mInput[0m } 
[36mfrom[0m [32m'@/componen
ts/ui/input'[0m
[31m[1m>[0m [90m 8 |[0m 
[36mimport[0m { 
[33mLabel[0m } 
[36mfrom[0m [32m'@/componen
ts/ui/label'[0m
  [90m   |[0m [31m[1m^^^^^
^^^^^^^^^^^^^^^^^^^^^^^^^^^^^^
^^^^^^^^^^[0m
  [90m 9 |[0m 
[36mimport[0m { 
[33mCard[0m, 
[33mCardContent[0m, 
[33mCardDescription[0m, 
[33mCardFooter[0m, 
[33mCardHeader[0m, 
[33mCardTitle[0m } 
[36mfrom[0m [32m'@/c...[0m
  [90m10 |[0m 
[36mimport[0m { useToast } 
[36mfrom[0m 
[32m'@/hooks/use-toast'[0m
  [90m11 |[0m

Import map: aliased to 
relative 
'./src/components/ui/label' 
inside of [project]/


Import traces:
  Client Component Browser:
    ./src/app/(auth)/verify/pa
ge.tsx [Client Component 
Browser]
    ./src/app/(auth)/verify/pa
ge.tsx [Server Component]

  Client Component SSR:
    ./src/app/(auth)/verify/pa
ge.tsx [Client Component SSR]
    ./src/app/(auth)/verify/pa
ge.tsx [Server Component]

https://nextjs.org/docs/messag
es/module-not-found


./src/app/(user)/tournament/re
gister/page.tsx:8:1
Module not found: Can't 
resolve 
'@/components/ui/label'
  [90m 6 |[0m 
[36mimport[0m { 
[33mButton[0m } 
[36mfrom[0m [32m'@/componen
ts/ui/button'[0m
  [90m 7 |[0m 
[36mimport[0m { 
[33mInput[0m } 
[36mfrom[0m [32m'@/componen
ts/ui/input'[0m
[31m[1m>[0m [90m 8 |[0m 
[36mimport[0m { 
[33mLabel[0m } 
[36mfrom[0m [32m'@/componen
ts/ui/label'[0m
  [90m   |[0m [31m[1m^^^^^
^^^^^^^^^^^^^^^^^^^^^^^^^^^^^^
^^^^^^^^^^[0m
  [90m 9 |[0m 
[36mimport[0m { useToast } 
[36mfrom[0m 
[32m'@/hooks/use-toast'[0m
  [90m10 |[0m 
[36mimport[0m { useRouter } 
[36mfrom[0m 
[32m'next/navigation'[0m
  [90m11 |[0m 
[36mimport[0m { 
[33mTrophy[0m, 
[33mUsers[0m, [33mInfo[0m 
} [36mfrom[0m 
[32m'lucide-react'[0m

Import map: aliased to 
relative 
'./src/components/ui/label' 
inside of [project]/


Import traces:
  Client Component Browser:
    ./src/app/(user)/tournamen
t/register/page.tsx [Client 
Component Browser]
    ./src/app/(user)/tournamen
t/register/page.tsx [Server 
Component]

  Client Component SSR:
    ./src/app/(user)/tournamen
t/register/page.tsx [Client 
Component SSR]
    ./src/app/(user)/tournamen
t/register/page.tsx [Server 
Component]

https://nextjs.org/docs/messag
es/module-not-found


./src/app/(user)/profile/edit/
page.tsx:13:1
Module not found: Can't 
resolve 
'@/components/ui/select'
  [90m11 |[0m ... 
[33mForm[0m, 
[33mFormControl[0m, 
[33mFormDescription[0m, 
[33mFormField[0m, 
[33mFormItem[0m, 
[33mFormLabel[0m, 
[33mFormMessage[0m } 
[36mfrom[0m.[32m..[0m
  [90m12 |[0m ... 
[33mInput[0m } 
[36mfrom[0m [32m'@/componen
ts/ui/input'[0m
[31m[1m>[0m [90m13 |[0m 
... [33mSelect[0m, 
[33mSelectContent[0m, 
[33mSelectItem[0m, 
[33mSelectTrigger[0m, 
[33mSelectValue[0m } 
[36mfrom[0m 
[32m'@/components/ui/...[0m
  [90m   |[0m    [31m[1m^^
^^^^^^^^^^^^^^^^^^^^^^^^^^^^^^
^^^^^^^^^^^^^^^^^^^^^^^^^^^^^^
^^^^^^^^^^^^^^^^^^^^^^^^^^^^[
0m
  [90m14 |[0m ... 
[33mAvatarUpload[0m } 
[36mfrom[0m [32m'@/componen
ts/profile/AvatarUpload'[0m
  [90m15 |[0m ... toast } 
[36mfrom[0m 
[32m'@/hooks/use-toast'[0m
  [90m16 |[0m ... 
[33mLoader2[0m, 
[33mArrowLeft[0m } 
[36mfrom[0m 
[32m'lucide-react'[0m

Import map: aliased to 
relative 
'./src/components/ui/select' 
inside of [project]/


Import traces:
  Client Component Browser:
    ./src/app/(user)/profile/e
dit/page.tsx [Client 
Component Browser]
    ./src/app/(user)/profile/e
dit/page.tsx [Server 
Component]

  Client Component SSR:
    ./src/app/(user)/profile/e
dit/page.tsx [Client 
Component SSR]
    ./src/app/(user)/profile/e
dit/page.tsx [Server 
Component]

https://nextjs.org/docs/messag
es/module-not-found


./src/components/booking/Booki
ngQRTicket.tsx:7:1
Module not found: Can't 
resolve 
'@/components/ui/skeleton'
  [90m 5 |[0m 
[36mimport[0m { 
generateQRCode } 
[36mfrom[0m 
[32m'@/lib/qrcode'[0m
  [90m 6 |[0m 
[36mimport[0m 
[33mImage[0m [36mfrom[0m 
[32m'next/image'[0m
[31m[1m>[0m [90m 7 |[0m 
[36mimport[0m { 
[33mSkeleton[0m } 
[36mfrom[0m [32m'@/componen
ts/ui/skeleton'[0m
  [90m   |[0m [31m[1m^^^^^
^^^^^^^^^^^^^^^^^^^^^^^^^^^^^^
^^^^^^^^^^^^^^^^[0m
  [90m 8 |[0m
  [90m 9 |[0m 
[36minterface[0m 
[33mBookingQRTicketProps[0m 
{
  [90m10 |[0m   bookingId: 
string

Import map: aliased to 
relative './src/components/ui/
skeleton' inside of [project]/


Import traces:
  Client Component Browser:
    ./src/components/booking/B
ookingQRTicket.tsx [Client 
Component Browser]
    ./src/app/(user)/payment/s
uccess/page.tsx [Client 
Component Browser]
    ./src/app/(user)/payment/s
uccess/page.tsx [Server 
Component]

  Client Component SSR:
    ./src/components/booking/B
ookingQRTicket.tsx [Client 
Component SSR]
    ./src/app/(user)/payment/s
uccess/page.tsx [Client 
Component SSR]
    ./src/app/(user)/payment/s
uccess/page.tsx [Server 
Component]

https://nextjs.org/docs/messag
es/module-not-found


./src/app/(admin)/admin/bookin
gs/page.tsx:7:1
Module not found: Can't 
resolve 
'@/components/ui/table'
  [90m 5 |[0m 
[36mimport[0m { 
[33mButton[0m } 
[36mfrom[0m [32m'@/componen
ts/ui/button'[0m
  [90m 6 |[0m 
[36mimport[0m { 
[33mInput[0m } 
[36mfrom[0m [32m'@/componen
ts/ui/input'[0m
[31m[1m>[0m [90m 7 |[0m 
[36mimport[0m { 
  [90m   |[0m 
[31m[1m^^^^^^^^[0m
[31m[1m>[0m [90m 8 |[0m  
 [33mTable[0m, 
  [90m   |[0m 
[31m[1m^^^^^^^^^[0m
[31m[1m>[0m [90m 9 |[0m  
 [33mTableBody[0m, 
  [90m   |[0m 
[31m[1m^^^^^^^^^^^^^[0m
[31m[1m>[0m [90m10 |[0m  
 [33mTableCell[0m, 
  [90m   |[0m 
[31m[1m^^^^^^^^^^^^^[0m
[31m[1m>[0m [90m11 |[0m  
 [33mTableHead[0m, 
  [90m   |[0m 
[31m[1m^^^^^^^^^^^^^[0m
[31m[1m>[0m [90m12 |[0m  
 [33mTableHeader[0m, 
  [90m   |[0m 
[31m[1m^^^^^^^^^^^^^^^[0m
[31m[1m>[0m [90m13 |[0m  
 [33mTableRow[0m 
  [90m   |[0m 
[31m[1m^^^^^^^^^^^[0m
[31m[1m>[0m [90m14 |[0m 
} [36mfrom[0m [32m'@/compon
ents/ui/table'[0m
  [90m   |[0m [31m[1m^^^^^
^^^^^^^^^^^^^^^^^^^^^^^^^[0m
  [90m15 |[0m 
[36mimport[0m { 
[33mBadge[0m } 
[36mfrom[0m [32m'@/componen
ts/ui/badge'[0m
  [90m16 |[0m 
[36mimport[0m { 
[33mSearch[0m, 
[33mFilter[0m, 
[33mCalendar[0m, 
[33mMapPin[0m, 
[33mMoreHorizontal[0m, 
[33mCheckCircle2[0m, 
[33mClock[0m } 
[36mfrom[0m [32m'luc...[0m
  [90m17 |[0m 
[36mimport[0m { 
formatCurrency } 
[36mfrom[0m 
[32m'@/lib/utils'[0m

Import map: aliased to 
relative 
'./src/components/ui/table' 
inside of [project]/


Import traces:
  Client Component Browser:
    ./src/app/(admin)/admin/bo
okings/page.tsx [Client 
Component Browser]
    ./src/app/(admin)/admin/bo
okings/page.tsx [Server 
Component]

  Client Component SSR:
    ./src/app/(admin)/admin/bo
okings/page.tsx [Client 
Component SSR]
    ./src/app/(admin)/admin/bo
okings/page.tsx [Server 
Component]

https://nextjs.org/docs/messag
es/module-not-found


./src/app/(admin)/admin/invent
ory/page.tsx:9:1
Module not found: Can't 
resolve 
'@/components/ui/table'
  [90m 7 |[0m ...{ 
[33mBadge[0m } 
[36mfrom[0m [32m'@/componen
ts/ui/badge'[0m
  [90m 8 |[0m ...{ 
[33mInput[0m } 
[36mfrom[0m [32m'@/componen
ts/ui/input'[0m
[31m[1m>[0m [90m 9 |[0m 
...{ [33mTable[0m, 
[33mTableBody[0m, 
[33mTableCell[0m, 
[33mTableHead[0m, 
[33mTableHeader[0m, 
[33mTableRow[0m } 
[36mfrom[0m 
[32m'@/components/ui...[0m
  [90m   |[0m    [31m[1m^^
^^^^^^^^^^^^^^^^^^^^^^^^^^^^^^
^^^^^^^^^^^^^^^^^^^^^^^^^^^^^^
^^^^^^^^^^^^^^^^^^^^^^^^^^^^[
0m
  [90m10 |[0m ...{ 
[33mPlus[0m, 
[33mPackage[0m, 
[33mShoppingCart[0m, 
[33mRefreshCw[0m, 
[33mAlertTriangle[0m, 
[33mMoreVertical[0m } 
[36mfrom[0m 
[32m'lucide-re...[0m
  [90m11 |[0m ...{ toast } 
[36mfrom[0m 
[32m'@/hooks/use-toast'[0m
  [90m12 |[0m ...

Import map: aliased to 
relative 
'./src/components/ui/table' 
inside of [project]/


Import traces:
  Client Component Browser:
    ./src/app/(admin)/admin/in
ventory/page.tsx [Client 
Component Browser]
    ./src/app/(admin)/admin/in
ventory/page.tsx [Server 
Component]

  Client Component SSR:
    ./src/app/(admin)/admin/in
ventory/page.tsx [Client 
Component SSR]
    ./src/app/(admin)/admin/in
ventory/page.tsx [Server 
Component]

https://nextjs.org/docs/messag
es/module-not-found


./src/components/matchmaking/E
LOBadge.tsx:5:1
Module not found: Can't 
resolve 
'@/components/ui/tooltip'
  [90m3 |[0m ...[36mt[0m 
{ [33mBadge[0m } 
[36mfrom[0m [32m'@/componen
ts/ui/badge'[0m
  [90m4 |[0m ...[36mt[0m 
{ eloToSkillLevel } 
[36mfrom[0m 
[32m'@/lib/elo'[0m
[31m[1m>[0m [90m5 |[0m 
...[36mt[0m { 
[33mTooltip[0m, 
[33mTooltipContent[0m, 
[33mTooltipProvider[0m, 
[33mTooltipTrigger[0m } 
[36mfrom[0m [32m'@/componen
ts/ui/too...[0m
  [90m  |[0m    [31m[1m^^^
^^^^^^^^^^^^^^^^^^^^^^^^^^^^^^
^^^^^^^^^^^^^^^^^^^^^^^^^^^^^^
^^^^^^^^^^^^^^^^^^^^^^^^^^^^[
0m
  [90m6 |[0m ...
  [90m7 |[0m 
...[36mface[0m 
[33mELOBadgeProps[0m {
  [90m8 |[0m ...: number

Import map: aliased to 
relative 
'./src/components/ui/tooltip' 
inside of [project]/


Import traces:
  Server Component:
    ./src/components/matchmaki
ng/ELOBadge.tsx
    ./src/app/(user)/match/[ma
tchId]/page.tsx

  Client Component Browser:
    ./src/components/matchmaki
ng/ELOBadge.tsx [Client 
Component Browser]
    ./src/app/(user)/profile/p
age.tsx [Client Component 
Browser]
    ./src/app/(user)/profile/p
age.tsx [Server Component]

  Client Component SSR:
    ./src/components/matchmaki
ng/ELOBadge.tsx [Client 
Component SSR]
    ./src/app/(user)/profile/p
age.tsx [Client Component SSR]
    ./src/app/(user)/profile/p
age.tsx [Server Component]

https://nextjs.org/docs/messag
es/module-not-found


./src/components/profile/Achie
vementBadge.tsx:4:1
Module not found: Can't 
resolve 
'@/components/ui/tooltip'
  [90m2 |[0m ...
  [90m3 |[0m ...[36mt[0m 
{ [33mLucideIcon[0m, 
[33mAward[0m, 
[33mStar[0m, 
[33mFlame[0m, [33mZap[0m, 
[33mShieldCheck[0m } 
[36mfrom[0m 
[32m'lucide-react'[0m
[31m[1m>[0m [90m4 |[0m 
...[36mt[0m { 
[33mTooltip[0m, 
[33mTooltipContent[0m, 
[33mTooltipProvider[0m, 
[33mTooltipTrigger[0m } 
[36mfrom[0m [32m'@/componen
ts/ui/too...[0m
  [90m  |[0m    [31m[1m^^^
^^^^^^^^^^^^^^^^^^^^^^^^^^^^^^
^^^^^^^^^^^^^^^^^^^^^^^^^^^^^^
^^^^^^^^^^^^^^^^^^^^^^^^^^^^[
0m
  [90m5 |[0m ...
  [90m6 |[0m 
...[36mface[0m [33mAchievem
entBadgeProps[0m {
  [90m7 |[0m ...[36me[0m: 
[32m'first_blood'[0m | 
[32m'on_fire'[0m | 
[32m'century'[0m | 
[32m'loyalis'[0m | 
[32m'sharp_shooter'[0m

Import map: aliased to 
relative 
'./src/components/ui/tooltip' 
inside of [project]/


Import traces:
  Client Component Browser:
    ./src/components/profile/A
chievementBadge.tsx [Client 
Component Browser]
    ./src/app/(user)/profile/p
age.tsx [Client Component 
Browser]
    ./src/app/(user)/profile/p
age.tsx [Server Component]

  Client Component SSR:
    ./src/components/profile/A
chievementBadge.tsx [Client 
Component SSR]
    ./src/app/(user)/profile/p
age.tsx [Client Component SSR]
    ./src/app/(user)/profile/p
age.tsx [Server Component]

https://nextjs.org/docs/messag
es/module-not-found


./src/components/admin/Revenue
Chart.tsx:3:1
Module not found: Can't 
resolve 'recharts'
  [90m1 |[0m 
...[32mlient'[0m
  [90m2 |[0m ...
[31m[1m>[0m [90m3 |[0m 
... { [33mLine[0m, 
[33mLineChart[0m, 
[33mResponsiveContainer[0m, 
[33mTooltip[0m, 
[33mXAxis[0m, 
[33mYAxis[0m, 
[33mCartesianGrid[0m } 
[36mfrom[0m [32m're...[0m
  [90m  |[0m    [31m[1m^^^
^^^^^^^^^^^^^^^^^^^^^^^^^^^^^^
^^^^^^^^^^^^^^^^^^^^^^^^^^^^^^
^^^^^^^^^^^^^^^^^^^^^^^^^^^^[
0m
  [90m4 |[0m ... { useQuery 
} [36mfrom[0m [32m'@tanstac
k/react-query'[0m
  [90m5 |[0m ... { 
createClient } [36mfrom[0m 
[32m'@/lib/supabase/client'[0
m
  [90m6 |[0m ... { format, 
subDays, startOfDay } 
[36mfrom[0m 
[32m'date-fns'[0m



Import traces:
  Client Component Browser:
    ./src/components/admin/Rev
enueChart.tsx [Client 
Component Browser]
    ./src/app/(admin)/admin/re
ports/page.tsx [Client 
Component Browser]
    ./src/app/(admin)/admin/re
ports/page.tsx [Server 
Component]

  Client Component SSR:
    ./src/components/admin/Rev
enueChart.tsx [Client 
Component SSR]
    ./src/app/(admin)/admin/re
ports/page.tsx [Client 
Component SSR]
    ./src/app/(admin)/admin/re
ports/page.tsx [Server 
Component]

https://nextjs.org/docs/messag
es/module-not-found


./src/app/(auth)/login/page.ts
x:10:1
Export Github doesn't exist 
in target module
  [90m 8 |[0m 
[36mimport[0m { 
[33mCard[0m, 
[33mCardContent[0m, 
[33mCardHeader[0m, 
[33mCardTitle[0m, 
[33mCardDescription[0m, 
[33mCardFooter[0m } 
[36mfrom[0m [32m'@/c...[0m
  [90m 9 |[0m 
[36mimport[0m { 
[33mLabel[0m } 
[36mfrom[0m [32m'@/componen
ts/ui/label'[0m
[31m[1m>[0m [90m10 |[0m 
[36mimport[0m { 
[33mLogIn[0m, 
[33mGithub[0m, 
[33mMail[0m, [33mLock[0m, 
[33mLoader2[0m, 
[33mArrowRight[0m } 
[36mfrom[0m 
[32m'lucide-react'[0m
  [90m   |[0m [31m[1m^^^^^
^^^^^^^^^^^^^^^^^^^^^^^^^^^^^^
^^^^^^^^^^^^^^^^^^^^^^^^^^^^^^
^^^^^^^^^^^^[0m
  [90m11 |[0m 
[36mimport[0m { useToast } 
[36mfrom[0m 
[32m'@/hooks/use-toast'[0m
  [90m12 |[0m 
[36mimport[0m [33mLink[0m 
[36mfrom[0m 
[32m'next/link'[0m
  [90m13 |[0m

The export Github was not 
found in module [project]/node
_modules/lucide-react/dist/esm
/lucide-react.js [app-client] 
(ecmascript).
Did you mean to import Gift?
All exports of the module are 
statically known (It doesn't 
have dynamic exports). So 
it's known statically that 
the requested export doesn't 
exist.

Import traces:
  Client Component Browser:
    ./src/app/(auth)/login/pag
e.tsx [Client Component 
Browser]
    ./src/app/(auth)/login/pag
e.tsx [Server Component]

  Client Component SSR:
    ./src/app/(auth)/login/pag
e.tsx [Client Component SSR]
    ./src/app/(auth)/login/pag
e.tsx [Server Component]


./src/app/(auth)/login/page.ts
x:10:1
Export Github doesn't exist 
in target module
  [90m 8 |[0m 
[36mimport[0m { 
[33mCard[0m, 
[33mCardContent[0m, 
[33mCardHeader[0m, 
[33mCardTitle[0m, 
[33mCardDescription[0m, 
[33mCardFooter[0m } 
[36mfrom[0m [32m'@/c...[0m
  [90m 9 |[0m 
[36mimport[0m { 
[33mLabel[0m } 
[36mfrom[0m [32m'@/componen
ts/ui/label'[0m
[31m[1m>[0m [90m10 |[0m 
[36mimport[0m { 
[33mLogIn[0m, 
[33mGithub[0m, 
[33mMail[0m, [33mLock[0m, 
[33mLoader2[0m, 
[33mArrowRight[0m } 
[36mfrom[0m 
[32m'lucide-react'[0m
  [90m   |[0m [31m[1m^^^^^
^^^^^^^^^^^^^^^^^^^^^^^^^^^^^^
^^^^^^^^^^^^^^^^^^^^^^^^^^^^^^
^^^^^^^^^^^^[0m
  [90m11 |[0m 
[36mimport[0m { useToast } 
[36mfrom[0m 
[32m'@/hooks/use-toast'[0m
  [90m12 |[0m 
[36mimport[0m [33mLink[0m 
[36mfrom[0m 
[32m'next/link'[0m
  [90m13 |[0m

The export Github was not 
found in module [project]/node
_modules/lucide-react/dist/esm
/lucide-react.js [app-ssr] 
(ecmascript).
Did you mean to import Gift?
All exports of the module are 
statically known (It doesn't 
have dynamic exports). So 
it's known statically that 
the requested export doesn't 
exist.

Import traces:
  Client Component Browser:
    ./src/app/(auth)/login/pag
e.tsx [Client Component 
Browser]
    ./src/app/(auth)/login/pag
e.tsx [Server Component]

  Client Component SSR:
    ./src/app/(auth)/login/pag
e.tsx [Client Component SSR]
    ./src/app/(auth)/login/pag
e.tsx [Server Component]


./src/app/(user)/matchmaking/w
aiting/page.tsx:5:1
Export WaitingRoom doesn't 
exist in target module
  [90m3 |[0m 
[36mimport[0m { 
[33mSuspense[0m } 
[36mfrom[0m [32m'react'[0m
  [90m4 |[0m 
[36mimport[0m { 
useSearchParams } 
[36mfrom[0m 
[32m'next/navigation'[0m
[31m[1m>[0m [90m5 |[0m 
[36mimport[0m { 
[33mWaitingRoom[0m } 
[36mfrom[0m [32m'@/componen
ts/matchmaking/WaitingRoom'[0
m
  [90m  |[0m [31m[1m^^^^^^
^^^^^^^^^^^^^^^^^^^^^^^^^^^^^^
^^^^^^^^^^^^^^^^^^^^^^^^^^^^^^
[0m
  [90m6 |[0m
  [90m7 |[0m 
[36mfunction[0m 
[33mWaitingRoomContent[0m() 
{
  [90m8 |[0m   
[36mconst[0m searchParams = 
useSearchParams()

The export WaitingRoom was 
not found in module [project]/
src/components/matchmaking/Wai
tingRoom.tsx [app-client] 
(ecmascript).
Did you mean to import 
default?
All exports of the module are 
statically known (It doesn't 
have dynamic exports). So 
it's known statically that 
the requested export doesn't 
exist.

Import traces:
  Client Component Browser:
    ./src/app/(user)/matchmaki
ng/waiting/page.tsx [Client 
Component Browser]
    ./src/app/(user)/matchmaki
ng/waiting/page.tsx [Server 
Component]

  Client Component SSR:
    ./src/app/(user)/matchmaki
ng/waiting/page.tsx [Client 
Component SSR]
    ./src/app/(user)/matchmaki
ng/waiting/page.tsx [Server 
Component]


./src/app/(user)/matchmaking/w
aiting/page.tsx:5:1
Export WaitingRoom doesn't 
exist in target module
  [90m3 |[0m 
[36mimport[0m { 
[33mSuspense[0m } 
[36mfrom[0m [32m'react'[0m
  [90m4 |[0m 
[36mimport[0m { 
useSearchParams } 
[36mfrom[0m 
[32m'next/navigation'[0m
[31m[1m>[0m [90m5 |[0m 
[36mimport[0m { 
[33mWaitingRoom[0m } 
[36mfrom[0m [32m'@/componen
ts/matchmaking/WaitingRoom'[0
m
  [90m  |[0m [31m[1m^^^^^^
^^^^^^^^^^^^^^^^^^^^^^^^^^^^^^
^^^^^^^^^^^^^^^^^^^^^^^^^^^^^^
[0m
  [90m6 |[0m
  [90m7 |[0m 
[36mfunction[0m 
[33mWaitingRoomContent[0m() 
{
  [90m8 |[0m   
[36mconst[0m searchParams = 
useSearchParams()

The export WaitingRoom was 
not found in module [project]/
src/components/matchmaking/Wai
tingRoom.tsx [app-ssr] 
(ecmascript).
Did you mean to import 
default?
All exports of the module are 
statically known (It doesn't 
have dynamic exports). So 
it's known statically that 
the requested export doesn't 
exist.

Import traces:
  Client Component Browser:
    ./src/app/(user)/matchmaki
ng/waiting/page.tsx [Client 
Component Browser]
    ./src/app/(user)/matchmaki
ng/waiting/page.tsx [Server 
Component]

  Client Component SSR:
    ./src/app/(user)/matchmaki
ng/waiting/page.tsx [Client 
Component SSR]
    ./src/app/(user)/matchmaki
ng/waiting/page.tsx [Server 
Component]


./src/app/(user)/leaderboard/p
age.tsx:9:1
Export default doesn't exist 
in target module
  [90m 7 |[0m 
[36mimport[0m { 
[33mTrophy[0m, 
[33mMedal[0m, 
[33mRocket[0m, 
[33mUsers[0m, 
[33mTarget[0m, 
[33mArrowUpRight[0m } 
[36mfrom[0m 
[32m'lucide-react'[0m
  [90m 8 |[0m 
[36mimport[0m { 
eloToSkillLevel } 
[36mfrom[0m 
[32m'@/lib/elo'[0m
[31m[1m>[0m [90m 9 |[0m 
[36mimport[0m 
[33mLoadingSpinner[0m 
[36mfrom[0m [32m'@/componen
ts/shared/LoadingSpinner'[0m
  [90m   |[0m [31m[1m^^^^^
^^^^^^^^^^^^^^^^^^^^^^^^^^^^^^
^^^^^^^^^^^^^^^^^^^^^^^^^^^^[
0m
  [90m10 |[0m
  [90m11 |[0m 
[36mexport[0m 
[36mdefault[0m 
[36mfunction[0m 
[33mLeaderboardPage[0m() {
  [90m12 |[0m   
[36mconst[0m supabase = 
createClient()

The export default was not 
found in module [project]/src/
components/shared/LoadingSpinn
er.tsx [app-client] 
(ecmascript).
Did you mean to import 
LoadingSpinner?
All exports of the module are 
statically known (It doesn't 
have dynamic exports). So 
it's known statically that 
the requested export doesn't 
exist.

Import traces:
  Client Component Browser:
    ./src/app/(user)/leaderboa
rd/page.tsx [Client Component 
Browser]
    ./src/app/(user)/leaderboa
rd/page.tsx [Server Component]

  Client Component SSR:
    ./src/app/(user)/leaderboa
rd/page.tsx [Client Component 
SSR]
    ./src/app/(user)/leaderboa
rd/page.tsx [Server Component]


./src/app/(user)/leaderboard/p
age.tsx:9:1
Export default doesn't exist 
in target module
  [90m 7 |[0m 
[36mimport[0m { 
[33mTrophy[0m, 
[33mMedal[0m, 
[33mRocket[0m, 
[33mUsers[0m, 
[33mTarget[0m, 
[33mArrowUpRight[0m } 
[36mfrom[0m 
[32m'lucide-react'[0m
  [90m 8 |[0m 
[36mimport[0m { 
eloToSkillLevel } 
[36mfrom[0m 
[32m'@/lib/elo'[0m
[31m[1m>[0m [90m 9 |[0m 
[36mimport[0m 
[33mLoadingSpinner[0m 
[36mfrom[0m [32m'@/componen
ts/shared/LoadingSpinner'[0m
  [90m   |[0m [31m[1m^^^^^
^^^^^^^^^^^^^^^^^^^^^^^^^^^^^^
^^^^^^^^^^^^^^^^^^^^^^^^^^^^[
0m
  [90m10 |[0m
  [90m11 |[0m 
[36mexport[0m 
[36mdefault[0m 
[36mfunction[0m 
[33mLeaderboardPage[0m() {
  [90m12 |[0m   
[36mconst[0m supabase = 
createClient()

The export default was not 
found in module [project]/src/
components/shared/LoadingSpinn
er.tsx [app-ssr] (ecmascript).
Did you mean to import 
LoadingSpinner?
All exports of the module are 
statically known (It doesn't 
have dynamic exports). So 
it's known statically that 
the requested export doesn't 
exist.

Import traces:
  Client Component Browser:
    ./src/app/(user)/leaderboa
rd/page.tsx [Client Component 
Browser]
    ./src/app/(user)/leaderboa
rd/page.tsx [Server Component]

  Client Component SSR:
    ./src/app/(user)/leaderboa
rd/page.tsx [Client Component 
SSR]
    ./src/app/(user)/leaderboa
rd/page.tsx [Server Component]


./src/app/(user)/dashboard/pag
e.tsx:8:1
Export getLoyaltyTier doesn't 
exist in target module
  [90m 6 |[0m 
[36mimport[0m { 
[33mTrophy[0m, 
[33mCalendar[0m, 
[33mUsers[0m, 
[33mActivity[0m, 
[33mChevronRight[0m, 
[33mTrendingUp[0m, 
[33mAward[0m, [33mZap[0m, 
[33mBot[0m } [36mfr..[0m.
  [90m 7 |[0m 
[36mimport[0m [33mLink[0m 
[36mfrom[0m 
[32m'next/link'[0m
[31m[1m>[0m [90m 8 |[0m 
[36mimport[0m { 
eloToSkillLevel, 
getLoyaltyTier } 
[36mfrom[0m 
[32m'@/lib/elo'[0m
  [90m   |[0m [31m[1m^^^^^
^^^^^^^^^^^^^^^^^^^^^^^^^^^^^^
^^^^^^^^^^^^^^^^^^^^^^^^[0m
  [90m 9 |[0m 
[36mimport[0m { 
[33mBadge[0m } 
[36mfrom[0m [32m'@/componen
ts/ui/badge'[0m
  [90m10 |[0m 
[36mimport[0m { format } 
[36mfrom[0m 
[32m'date-fns'[0m
  [90m11 |[0m 
[36mimport[0m { id } 
[36mfrom[0m 
[32m'date-fns/locale'[0m

The export getLoyaltyTier was 
not found in module 
[project]/src/lib/elo.ts 
[app-client] (ecmascript).
Did you mean to import 
getKFactor?
All exports of the module are 
statically known (It doesn't 
have dynamic exports). So 
it's known statically that 
the requested export doesn't 
exist.

Import traces:
  Client Component Browser:
    ./src/app/(user)/dashboard
/page.tsx [Client Component 
Browser]
    ./src/app/(user)/dashboard
/page.tsx [Server Component]

  Client Component SSR:
    ./src/app/(user)/dashboard
/page.tsx [Client Component 
SSR]
    ./src/app/(user)/dashboard
/page.tsx [Server Component]


./src/app/(user)/dashboard/pag
e.tsx:8:1
Export getLoyaltyTier doesn't 
exist in target module
  [90m 6 |[0m 
[36mimport[0m { 
[33mTrophy[0m, 
[33mCalendar[0m, 
[33mUsers[0m, 
[33mActivity[0m, 
[33mChevronRight[0m, 
[33mTrendingUp[0m, 
[33mAward[0m, [33mZap[0m, 
[33mBot[0m } [36mfr..[0m.
  [90m 7 |[0m 
[36mimport[0m [33mLink[0m 
[36mfrom[0m 
[32m'next/link'[0m
[31m[1m>[0m [90m 8 |[0m 
[36mimport[0m { 
eloToSkillLevel, 
getLoyaltyTier } 
[36mfrom[0m 
[32m'@/lib/elo'[0m
  [90m   |[0m [31m[1m^^^^^
^^^^^^^^^^^^^^^^^^^^^^^^^^^^^^
^^^^^^^^^^^^^^^^^^^^^^^^[0m
  [90m 9 |[0m 
[36mimport[0m { 
[33mBadge[0m } 
[36mfrom[0m [32m'@/componen
ts/ui/badge'[0m
  [90m10 |[0m 
[36mimport[0m { format } 
[36mfrom[0m 
[32m'date-fns'[0m
  [90m11 |[0m 
[36mimport[0m { id } 
[36mfrom[0m 
[32m'date-fns/locale'[0m

The export getLoyaltyTier was 
not found in module 
[project]/src/lib/elo.ts 
[app-ssr] (ecmascript).
Did you mean to import 
getKFactor?
All exports of the module are 
statically known (It doesn't 
have dynamic exports). So 
it's known statically that 
the requested export doesn't 
exist.

Import traces:
  Client Component Browser:
    ./src/app/(user)/dashboard
/page.tsx [Client Component 
Browser]
    ./src/app/(user)/dashboard
/page.tsx [Server Component]

  Client Component SSR:
    ./src/app/(user)/dashboard
/page.tsx [Client Component 
SSR]
    ./src/app/(user)/dashboard
/page.tsx [Server Component]


./src/app/(user)/rewards/page.
tsx:11:1
Export getLoyaltyTier doesn't 
exist in target module
  [90m 9 |[0m 
[36mimport[0m { useToast } 
[36mfrom[0m 
[32m'@/hooks/use-toast'[0m
  [90m10 |[0m 
[36mimport[0m { motion, 
[33mAnimatePresence[0m } 
[36mfrom[0m 
[32m'framer-motion'[0m
[31m[1m>[0m [90m11 |[0m 
[36mimport[0m { 
getLoyaltyTier } 
[36mfrom[0m 
[32m'@/lib/elo'[0m
  [90m   |[0m [31m[1m^^^^^
^^^^^^^^^^^^^^^^^^^^^^^^^^^^^^
^^^^^^^[0m
  [90m12 |[0m
  [90m13 |[0m 
[36mexport[0m 
[36mdefault[0m 
[36mfunction[0m 
[33mRewardsPage[0m() {
  [90m14 |[0m   
[36mconst[0m [user, 
setUser] = 
useState<any>([36mnull[0m)

The export getLoyaltyTier was 
not found in module 
[project]/src/lib/elo.ts 
[app-client] (ecmascript).
Did you mean to import 
getKFactor?
All exports of the module are 
statically known (It doesn't 
have dynamic exports). So 
it's known statically that 
the requested export doesn't 
exist.

Import traces:
  Client Component Browser:
    ./src/app/(user)/rewards/p
age.tsx [Client Component 
Browser]
    ./src/app/(user)/rewards/p
age.tsx [Server Component]

  Client Component SSR:
    ./src/app/(user)/rewards/p
age.tsx [Client Component SSR]
    ./src/app/(user)/rewards/p
age.tsx [Server Component]


./src/app/(user)/rewards/page.
tsx:11:1
Export getLoyaltyTier doesn't 
exist in target module
  [90m 9 |[0m 
[36mimport[0m { useToast } 
[36mfrom[0m 
[32m'@/hooks/use-toast'[0m
  [90m10 |[0m 
[36mimport[0m { motion, 
[33mAnimatePresence[0m } 
[36mfrom[0m 
[32m'framer-motion'[0m
[31m[1m>[0m [90m11 |[0m 
[36mimport[0m { 
getLoyaltyTier } 
[36mfrom[0m 
[32m'@/lib/elo'[0m
  [90m   |[0m [31m[1m^^^^^
^^^^^^^^^^^^^^^^^^^^^^^^^^^^^^
^^^^^^^[0m
  [90m12 |[0m
  [90m13 |[0m 
[36mexport[0m 
[36mdefault[0m 
[36mfunction[0m 
[33mRewardsPage[0m() {
  [90m14 |[0m   
[36mconst[0m [user, 
setUser] = 
useState<any>([36mnull[0m)

The export getLoyaltyTier was 
not found in module 
[project]/src/lib/elo.ts 
[app-ssr] (ecmascript).
Did you mean to import 
getKFactor?
All exports of the module are 
statically known (It doesn't 
have dynamic exports). So 
it's known statically that 
the requested export doesn't 
exist.

Import traces:
  Client Component Browser:
    ./src/app/(user)/rewards/p
age.tsx [Client Component 
Browser]
    ./src/app/(user)/rewards/p
age.tsx [Server Component]

  Client Component SSR:
    ./src/app/(user)/rewards/p
age.tsx [Client Component SSR]
    ./src/app/(user)/rewards/p
age.tsx [Server Component]


./src/app/api/matches/score/ro
ute.ts:4:1
Export updateEloAfterMatch 
doesn't exist in target module
  [90m2 |[0m 
[36mimport[0m { 
[33mNextRequest[0m, 
[33mNextResponse[0m } 
[36mfrom[0m 
[32m'next/server'[0m
  [90m3 |[0m 
[36mimport[0m { 
createClient } [36mfrom[0m 
[32m'@/lib/supabase/server'[0
m
[31m[1m>[0m [90m4 |[0m 
[36mimport[0m { 
updateEloAfterMatch } 
[36mfrom[0m 
[32m'@/lib/matchmaking'[0m
  [90m  |[0m [31m[1m^^^^^^
^^^^^^^^^^^^^^^^^^^^^^^^^^^^^^
^^^^^^^^^^^^^^^^^^^[0m
  [90m5 |[0m
  [90m6 |[0m 
[36mexport[0m 
[36masync[0m 
[36mfunction[0m 
[33mPOST[0m(req: 
[33mNextRequest[0m) {
  [90m7 |[0m   
[36mconst[0m supabase = 
createClient()

The export 
updateEloAfterMatch was not 
found in module [project]/src/
lib/matchmaking.ts 
[app-route] (ecmascript).
Did you mean to import 
findMatch?
All exports of the module are 
statically known (It doesn't 
have dynamic exports). So 
it's known statically that 
the requested export doesn't 
exist.


    at <unknown> (./src/app/(a
dmin)/admin/reports/page.tsx:7
:1)
    at <unknown> (https://next
js.org/docs/messages/module-no
t-found)
    at <unknown> (./src/app/(a
dmin)/admin/layout.tsx:3:1)
    at <unknown> (https://next
js.org/docs/messages/module-no
t-found)
    at <unknown> (./src/app/(a
dmin)/admin/layout.tsx:4:1)
    at <unknown> (https://next
js.org/docs/messages/module-no
t-found)
    at <unknown> (./src/app/(u
ser)/profile/edit/page.tsx:11:
1)
    at <unknown> (https://next
js.org/docs/messages/module-no
t-found)
    at <unknown> (./src/app/(a
uth)/login/page.tsx:9:1)
    at <unknown> (https://next
js.org/docs/messages/module-no
t-found)
    at <unknown> (./src/app/(a
uth)/register/page.tsx:9:1)
    at <unknown> (https://next
js.org/docs/messages/module-no
t-found)
    at <unknown> (./src/app/(a
uth)/verify/page.tsx:8:1)
    at <unknown> (https://next
js.org/docs/messages/module-no
t-found)
    at <unknown> (./src/app/(u
ser)/tournament/register/page.
tsx:8:1)
    at <unknown> (https://next
js.org/docs/messages/module-no
t-found)
    at <unknown> (./src/app/(u
ser)/profile/edit/page.tsx:13:
1)
    at <unknown> (https://next
js.org/docs/messages/module-no
t-found)
    at <unknown> (./src/compon
ents/booking/BookingQRTicket.t
sx:7:1)
    at <unknown> (https://next
js.org/docs/messages/module-no
t-found)
    at <unknown> (./src/app/(a
dmin)/admin/bookings/page.tsx:
7:1)
    at <unknown> (https://next
js.org/docs/messages/module-no
t-found)
    at <unknown> (./src/app/(a
dmin)/admin/inventory/page.tsx
:9:1)
    at <unknown> (https://next
js.org/docs/messages/module-no
t-found)
    at <unknown> (./src/compon
ents/matchmaking/ELOBadge.tsx:
5:1)
    at <unknown> (https://next
js.org/docs/messages/module-no
t-found)
    at <unknown> (./src/compon
ents/profile/AchievementBadge.
tsx:4:1)
    at <unknown> (https://next
js.org/docs/messages/module-no
t-found)
    at <unknown> (./src/compon
ents/admin/RevenueChart.tsx:3:
1)
    at <unknown> (https://next
js.org/docs/messages/module-no
t-found)
    at <unknown> (./src/app/(a
uth)/login/page.tsx:10:1)
    at <unknown> (./src/app/(a
uth)/login/page.tsx:10:1)
    at <unknown> (./src/app/(u
ser)/matchmaking/waiting/page.
tsx:5:1)
    at <unknown> (./src/app/(u
ser)/matchmaking/waiting/page.
tsx:5:1)
    at <unknown> (./src/app/(u
ser)/leaderboard/page.tsx:9:1)
    at <unknown> (./src/app/(u
ser)/leaderboard/page.tsx:9:1)
    at <unknown> (./src/app/(u
ser)/dashboard/page.tsx:8:1)
    at <unknown> (./src/app/(u
ser)/dashboard/page.tsx:8:1)
    at <unknown> (./src/app/(u
ser)/rewards/page.tsx:11:1)
    at <unknown> (./src/app/(u
ser)/rewards/page.tsx:11:1)
    at <unknown> (./src/app/ap
i/matches/score/route.ts:4:1)
